{
  "Resources": {
    "Bucket83908E77": {
      "Type": "AWS::S3::Bucket",
      "UpdateReplacePolicy": "Delete",
      "DeletionPolicy": "Delete"
    },
    "BucketPolicyE9A3008A": {
      "Type": "AWS::S3::BucketPolicy",
      "Properties": {
        "Bucket": {
          "Ref": "Bucket83908E77"
        },
        "PolicyDocument": {
          "Statement": [
            {
              "Action": [
                "s3:GetBucket*",
                "s3:List*",
                "s3:DeleteObject*"
              ],
              "Effect": "Allow",
              "Principal": {
                "AWS": {
                  "Fn::GetAtt": [
                    "CustomS3AutoDeleteObjectsCustomResourceProviderRole3B1BD092",
                    "Arn"
                  ]
                }
              },
              "Resource": [
                {
                  "Fn::GetAtt": [
                    "Bucket83908E77",
                    "Arn"
                  ]
                },
                {
                  "Fn::Join": [
                    "",
                    [
                      {
                        "Fn::GetAtt": [
                          "Bucket83908E77",
                          "Arn"
                        ]
                      },
                      "/*"
                    ]
                  ]
                }
              ]
            }
          ],
          "Version": "2012-10-17"
        }
      }
    },
    "BucketAutoDeleteObjectsCustomResourceBAFD23C2": {
      "Type": "Custom::S3AutoDeleteObjects",
      "Properties": {
        "ServiceToken": {
          "Fn::GetAtt": [
            "CustomS3AutoDeleteObjectsCustomResourceProviderHandler9D90184F",
            "Arn"
          ]
        },
        "BucketName": {
          "Ref": "Bucket83908E77"
        }
      },
      "DependsOn": [
        "BucketPolicyE9A3008A"
      ],
      "UpdateReplacePolicy": "Delete",
      "DeletionPolicy": "Delete"
    },
    "CustomS3AutoDeleteObjectsCustomResourceProviderRole3B1BD092": {
      "Type": "AWS::IAM::Role",
      "Properties": {
        "AssumeRolePolicyDocument": {
          "Version": "2012-10-17",
          "Statement": [
            {
              "Action": "sts:AssumeRole",
              "Effect": "Allow",
              "Principal": {
                "Service": "lambda.amazonaws.com"
              }
            }
          ]
        },
        "ManagedPolicyArns": [
          {
            "Fn::Sub": "arn:${AWS::Partition}:iam::aws:policy/service-role/AWSLambdaBasicExecutionRole"
          }
        ]
      }
    },
    "CustomS3AutoDeleteObjectsCustomResourceProviderHandler9D90184F": {
      "Type": "AWS::Lambda::Function",
      "Properties": {
        "Code": {
          "S3Bucket": {
            "Ref": "AssetParametersa9cdd3c1c22b4624a544dca476c3ddafc5e56fd78c71f62cd7dcb59fdd32a548S3Bucket17EBAF87"
          },
          "S3Key": {
            "Fn::Join": [
              "",
              [
                {
                  "Fn::Select": [
                    0,
                    {
                      "Fn::Split": [
                        "||",
                        {
                          "Ref": "AssetParametersa9cdd3c1c22b4624a544dca476c3ddafc5e56fd78c71f62cd7dcb59fdd32a548S3VersionKey49A104D7"
                        }
                      ]
                    }
                  ]
                },
                {
                  "Fn::Select": [
                    1,
                    {
                      "Fn::Split": [
                        "||",
                        {
                          "Ref": "AssetParametersa9cdd3c1c22b4624a544dca476c3ddafc5e56fd78c71f62cd7dcb59fdd32a548S3VersionKey49A104D7"
                        }
                      ]
                    }
                  ]
                }
              ]
            ]
          }
        },
        "Timeout": 900,
        "MemorySize": 128,
        "Handler": "__entrypoint__.handler",
        "Role": {
          "Fn::GetAtt": [
            "CustomS3AutoDeleteObjectsCustomResourceProviderRole3B1BD092",
            "Arn"
          ]
        },
        "Runtime": "nodejs12.x",
        "Description": {
          "Fn::Join": [
            "",
            [
              "Lambda function for auto-deleting objects in ",
              {
                "Ref": "Bucket83908E77"
              },
              " S3 bucket."
            ]
          ]
        }
      },
      "DependsOn": [
        "CustomS3AutoDeleteObjectsCustomResourceProviderRole3B1BD092"
      ]
    },
    "CustomS3PutObjectsCustomResourceProviderRole40D98C91": {
      "Type": "AWS::IAM::Role",
      "Properties": {
        "AssumeRolePolicyDocument": {
          "Version": "2012-10-17",
          "Statement": [
            {
              "Action": "sts:AssumeRole",
              "Effect": "Allow",
              "Principal": {
                "Service": "lambda.amazonaws.com"
              }
            }
          ]
        },
        "ManagedPolicyArns": [
          {
            "Fn::Sub": "arn:${AWS::Partition}:iam::aws:policy/service-role/AWSLambdaBasicExecutionRole"
          }
        ],
        "Policies": [
          {
            "PolicyName": "Inline",
            "PolicyDocument": {
              "Version": "2012-10-17",
              "Statement": [
                {
                  "Effect": "Allow",
                  "Action": "s3:PutObject",
                  "Resource": {
                    "Fn::Join": [
                      "",
                      [
                        {
                          "Fn::GetAtt": [
                            "Bucket83908E77",
                            "Arn"
                          ]
                        },
                        "/*"
                      ]
                    ]
                  }
                }
              ]
            }
          }
        ]
      }
    },
    "CustomS3PutObjectsCustomResourceProviderHandler1D33F0A9": {
      "Type": "AWS::Lambda::Function",
      "Properties": {
        "Code": {
          "S3Bucket": {
            "Ref": "AssetParameters7ab50a954838859a36a230e91f40e18a901288dcdb126035e068ddb7a9b13afbS3Bucket814A8437"
          },
          "S3Key": {
            "Fn::Join": [
              "",
              [
                {
                  "Fn::Select": [
                    0,
                    {
                      "Fn::Split": [
                        "||",
                        {
                          "Ref": "AssetParameters7ab50a954838859a36a230e91f40e18a901288dcdb126035e068ddb7a9b13afbS3VersionKeyC3FE3D65"
                        }
                      ]
                    }
                  ]
                },
                {
                  "Fn::Select": [
                    1,
                    {
                      "Fn::Split": [
                        "||",
                        {
                          "Ref": "AssetParameters7ab50a954838859a36a230e91f40e18a901288dcdb126035e068ddb7a9b13afbS3VersionKeyC3FE3D65"
                        }
                      ]
                    }
                  ]
                }
              ]
            ]
          }
        },
        "Timeout": 900,
        "MemorySize": 128,
        "Handler": "__entrypoint__.handler",
        "Role": {
          "Fn::GetAtt": [
            "CustomS3PutObjectsCustomResourceProviderRole40D98C91",
            "Arn"
          ]
        },
        "Runtime": "nodejs12.x"
      },
      "DependsOn": [
        "CustomS3PutObjectsCustomResourceProviderRole40D98C91"
      ]
    },
    "PutObjectsCustomResource": {
      "Type": "Custom::S3PutObjects",
      "Properties": {
        "ServiceToken": {
          "Fn::GetAtt": [
            "CustomS3PutObjectsCustomResourceProviderHandler1D33F0A9",
            "Arn"
          ]
        },
        "BucketName": {
          "Ref": "Bucket83908E77"
        }
      },
      "UpdateReplacePolicy": "Delete",
      "DeletionPolicy": "Delete"
    }
  },
  "Parameters": {
    "AssetParametersa9cdd3c1c22b4624a544dca476c3ddafc5e56fd78c71f62cd7dcb59fdd32a548S3Bucket17EBAF87": {
      "Type": "String",
      "Description": "S3 bucket for asset \"a9cdd3c1c22b4624a544dca476c3ddafc5e56fd78c71f62cd7dcb59fdd32a548\""
    },
    "AssetParametersa9cdd3c1c22b4624a544dca476c3ddafc5e56fd78c71f62cd7dcb59fdd32a548S3VersionKey49A104D7": {
      "Type": "String",
      "Description": "S3 key for asset version \"a9cdd3c1c22b4624a544dca476c3ddafc5e56fd78c71f62cd7dcb59fdd32a548\""
    },
    "AssetParametersa9cdd3c1c22b4624a544dca476c3ddafc5e56fd78c71f62cd7dcb59fdd32a548ArtifactHash1EA24FE0": {
      "Type": "String",
      "Description": "Artifact hash for asset \"a9cdd3c1c22b4624a544dca476c3ddafc5e56fd78c71f62cd7dcb59fdd32a548\""
    },
    "AssetParameters7ab50a954838859a36a230e91f40e18a901288dcdb126035e068ddb7a9b13afbS3Bucket814A8437": {
      "Type": "String",
      "Description": "S3 bucket for asset \"7ab50a954838859a36a230e91f40e18a901288dcdb126035e068ddb7a9b13afb\""
    },
    "AssetParameters7ab50a954838859a36a230e91f40e18a901288dcdb126035e068ddb7a9b13afbS3VersionKeyC3FE3D65": {
      "Type": "String",
      "Description": "S3 key for asset version \"7ab50a954838859a36a230e91f40e18a901288dcdb126035e068ddb7a9b13afb\""
    },
    "AssetParameters7ab50a954838859a36a230e91f40e18a901288dcdb126035e068ddb7a9b13afbArtifactHashFB315D02": {
      "Type": "String",
      "Description": "Artifact hash for asset \"7ab50a954838859a36a230e91f40e18a901288dcdb126035e068ddb7a9b13afb\""
    }
  }
}