{
  "Resources": {
    "NoClientsNoThumbprint8BF1533F": {
      "Type": "Custom::AWSCDKOpenIdConnectProvider",
      "Properties": {
        "ServiceToken": {
          "Fn::GetAtt": [
            "CustomAWSCDKOpenIdConnectProviderCustomResourceProviderHandlerF2C543E0",
            "Arn"
          ]
        },
        "ClientIDList": [
          "sts.amazonaws.com"
        ],
        "ThumbprintList": [
          "9e99a48a9960b14926bb7f3b02e22da2b0ab7280"
        ],
        "Url": {
          "Fn::Join": [
            "",
            [
              "https://oidc.eks.",
              {
                "Ref": "AWS::Region"
              },
              ".amazonaws.com/id/test2"
            ]
          ]
        }
      },
      "UpdateReplacePolicy": "Delete",
      "DeletionPolicy": "Delete"
    },
    "CustomAWSCDKOpenIdConnectProviderCustomResourceProviderRole517FED65": {
      "Type": "AWS::IAM::Role",
      "Properties": {
        "AssumeRolePolicyDocument": {
          "Version": "2012-10-17",
          "Statement": [
            {
              "Action": "sts:AssumeRole",
              "Effect": "Allow",
              "Principal": {
                "Service": "lambda.amazonaws.com"
              }
            }
          ]
        },
        "ManagedPolicyArns": [
          {
            "Fn::Sub": "arn:${AWS::Partition}:iam::aws:policy/service-role/AWSLambdaBasicExecutionRole"
          }
        ],
        "Policies": [
          {
            "PolicyName": "Inline",
            "PolicyDocument": {
              "Version": "2012-10-17",
              "Statement": [
                {
                  "Effect": "Allow",
                  "Resource": "*",
                  "Action": [
                    "iam:CreateOpenIDConnectProvider",
                    "iam:DeleteOpenIDConnectProvider",
                    "iam:UpdateOpenIDConnectProviderThumbprint",
                    "iam:AddClientIDToOpenIDConnectProvider",
                    "iam:RemoveClientIDFromOpenIDConnectProvider"
                  ]
                }
              ]
            }
          }
        ]
      }
    },
    "CustomAWSCDKOpenIdConnectProviderCustomResourceProviderHandlerF2C543E0": {
      "Type": "AWS::Lambda::Function",
      "Properties": {
        "Code": {
          "S3Bucket": {
            "Ref": "AssetParametersa7b9ef6e27bf0e463bb9c61b557de61f75d046b72b8262d56528c97d1638164dS3Bucket5431C2BE"
          },
          "S3Key": {
            "Fn::Join": [
              "",
              [
                {
                  "Fn::Select": [
                    0,
                    {
                      "Fn::Split": [
                        "||",
                        {
                          "Ref": "AssetParametersa7b9ef6e27bf0e463bb9c61b557de61f75d046b72b8262d56528c97d1638164dS3VersionKey82940F9A"
                        }
                      ]
                    }
                  ]
                },
                {
                  "Fn::Select": [
                    1,
                    {
                      "Fn::Split": [
                        "||",
                        {
                          "Ref": "AssetParametersa7b9ef6e27bf0e463bb9c61b557de61f75d046b72b8262d56528c97d1638164dS3VersionKey82940F9A"
                        }
                      ]
                    }
                  ]
                }
              ]
            ]
          }
        },
        "Timeout": 900,
        "MemorySize": 128,
        "Handler": "__entrypoint__.handler",
        "Role": {
          "Fn::GetAtt": [
            "CustomAWSCDKOpenIdConnectProviderCustomResourceProviderRole517FED65",
            "Arn"
          ]
        },
        "Runtime": "nodejs12.x"
      },
      "DependsOn": [
        "CustomAWSCDKOpenIdConnectProviderCustomResourceProviderRole517FED65"
      ]
    }
  },
  "Parameters": {
    "AssetParametersa7b9ef6e27bf0e463bb9c61b557de61f75d046b72b8262d56528c97d1638164dS3Bucket5431C2BE": {
      "Type": "String",
      "Description": "S3 bucket for asset \"a7b9ef6e27bf0e463bb9c61b557de61f75d046b72b8262d56528c97d1638164d\""
    },
    "AssetParametersa7b9ef6e27bf0e463bb9c61b557de61f75d046b72b8262d56528c97d1638164dS3VersionKey82940F9A": {
      "Type": "String",
      "Description": "S3 key for asset version \"a7b9ef6e27bf0e463bb9c61b557de61f75d046b72b8262d56528c97d1638164d\""
    },
    "AssetParametersa7b9ef6e27bf0e463bb9c61b557de61f75d046b72b8262d56528c97d1638164dArtifactHash42970AE4": {
      "Type": "String",
      "Description": "Artifact hash for asset \"a7b9ef6e27bf0e463bb9c61b557de61f75d046b72b8262d56528c97d1638164d\""
    }
  }
}