{
  "Resources": {
    "externalServiceRole85A00A90": {
      "Type": "AWS::IAM::Role",
      "Properties": {
        "AssumeRolePolicyDocument": {
          "Statement": [
            {
              "Action": "sts:AssumeRole",
              "Effect": "Allow",
              "Principal": {
                "Service": "lambda.amazonaws.com"
              }
            }
          ],
          "Version": "2012-10-17"
        },
        "ManagedPolicyArns": [
          {
            "Fn::Join": [
              "",
              [
                "arn:",
                {
                  "Ref": "AWS::Partition"
                },
                ":iam::aws:policy/service-role/AWSLambdaBasicExecutionRole"
              ]
            ]
          }
        ]
      }
    },
    "external068F12D1": {
      "Type": "AWS::Lambda::Function",
      "Properties": {
        "Code": {
          "S3Bucket": {
            "Ref": "AssetParameterscb2a036fec194ae7ead4de33a5348068e66f4d68d6b89b9738b06b4a421725aeS3Bucket7FFA4882"
          },
          "S3Key": {
            "Fn::Join": [
              "",
              [
                {
                  "Fn::Select": [
                    0,
                    {
                      "Fn::Split": [
                        "||",
                        {
                          "Ref": "AssetParameterscb2a036fec194ae7ead4de33a5348068e66f4d68d6b89b9738b06b4a421725aeS3VersionKey27820B60"
                        }
                      ]
                    }
                  ]
                },
                {
                  "Fn::Select": [
                    1,
                    {
                      "Fn::Split": [
                        "||",
                        {
                          "Ref": "AssetParameterscb2a036fec194ae7ead4de33a5348068e66f4d68d6b89b9738b06b4a421725aeS3VersionKey27820B60"
                        }
                      ]
                    }
                  ]
                }
              ]
            ]
          }
        },
        "Role": {
          "Fn::GetAtt": [
            "externalServiceRole85A00A90",
            "Arn"
          ]
        },
        "Environment": {
          "Variables": {
            "AWS_NODEJS_CONNECTION_REUSE_ENABLED": "1"
          }
        },
        "Handler": "index.handler",
        "Runtime": "nodejs12.x"
      },
      "DependsOn": [
        "externalServiceRole85A00A90"
      ]
    }
  },
  "Parameters": {
    "AssetParameterscb2a036fec194ae7ead4de33a5348068e66f4d68d6b89b9738b06b4a421725aeS3Bucket7FFA4882": {
      "Type": "String",
      "Description": "S3 bucket for asset \"cb2a036fec194ae7ead4de33a5348068e66f4d68d6b89b9738b06b4a421725ae\""
    },
    "AssetParameterscb2a036fec194ae7ead4de33a5348068e66f4d68d6b89b9738b06b4a421725aeS3VersionKey27820B60": {
      "Type": "String",
      "Description": "S3 key for asset version \"cb2a036fec194ae7ead4de33a5348068e66f4d68d6b89b9738b06b4a421725ae\""
    },
    "AssetParameterscb2a036fec194ae7ead4de33a5348068e66f4d68d6b89b9738b06b4a421725aeArtifactHash66719C09": {
      "Type": "String",
      "Description": "Artifact hash for asset \"cb2a036fec194ae7ead4de33a5348068e66f4d68d6b89b9738b06b4a421725ae\""
    }
  }
}